../lsm6dsr/lsm6dsr.c:49:16:lsm6dsr_read_reg	40	static
../lsm6dsr/lsm6dsr.c:70:16:lsm6dsr_write_reg	40	static
../lsm6dsr/lsm6dsr.c:93:9:lsm6dsr_from_fs2g_to_mg	16	static
../lsm6dsr/lsm6dsr.c:98:9:lsm6dsr_from_fs4g_to_mg	16	static
../lsm6dsr/lsm6dsr.c:103:9:lsm6dsr_from_fs8g_to_mg	16	static
../lsm6dsr/lsm6dsr.c:108:9:lsm6dsr_from_fs16g_to_mg	16	static
../lsm6dsr/lsm6dsr.c:113:9:lsm6dsr_from_fs125dps_to_mdps	16	static
../lsm6dsr/lsm6dsr.c:118:9:lsm6dsr_from_fs250dps_to_mdps	16	static
../lsm6dsr/lsm6dsr.c:123:9:lsm6dsr_from_fs500dps_to_mdps	16	static
../lsm6dsr/lsm6dsr.c:128:9:lsm6dsr_from_fs1000dps_to_mdps	16	static
../lsm6dsr/lsm6dsr.c:133:9:lsm6dsr_from_fs2000dps_to_mdps	16	static
../lsm6dsr/lsm6dsr.c:138:9:lsm6dsr_from_fs4000dps_to_mdps	16	static
../lsm6dsr/lsm6dsr.c:143:9:lsm6dsr_from_lsb_to_celsius	16	static
../lsm6dsr/lsm6dsr.c:148:9:lsm6dsr_from_lsb_to_nsec	16	static
../lsm6dsr/lsm6dsr.c:174:9:lsm6dsr_xl_full_scale_set	24	static
../lsm6dsr/lsm6dsr.c:200:9:lsm6dsr_xl_full_scale_get	24	static
../lsm6dsr/lsm6dsr.c:242:9:lsm6dsr_xl_data_rate_set	32	static
../lsm6dsr/lsm6dsr.c:392:9:lsm6dsr_xl_data_rate_get	24	static
../lsm6dsr/lsm6dsr.c:466:9:lsm6dsr_gy_full_scale_set	24	static
../lsm6dsr/lsm6dsr.c:491:9:lsm6dsr_gy_full_scale_get	24	static
../lsm6dsr/lsm6dsr.c:541:9:lsm6dsr_gy_data_rate_set	32	static
../lsm6dsr/lsm6dsr.c:690:9:lsm6dsr_gy_data_rate_get	24	static
../lsm6dsr/lsm6dsr.c:760:9:lsm6dsr_block_data_update_set	24	static
../lsm6dsr/lsm6dsr.c:784:9:lsm6dsr_block_data_update_get	24	static
../lsm6dsr/lsm6dsr.c:804:9:lsm6dsr_xl_offset_weight_set	24	static
../lsm6dsr/lsm6dsr.c:830:9:lsm6dsr_xl_offset_weight_get	24	static
../lsm6dsr/lsm6dsr.c:864:9:lsm6dsr_xl_power_mode_set	24	static
../lsm6dsr/lsm6dsr.c:889:9:lsm6dsr_xl_power_mode_get	24	static
../lsm6dsr/lsm6dsr.c:923:9:lsm6dsr_gy_power_mode_set	24	static
../lsm6dsr/lsm6dsr.c:948:9:lsm6dsr_gy_power_mode_get	24	static
../lsm6dsr/lsm6dsr.c:984:9:lsm6dsr_all_sources_get	24	static
../lsm6dsr/lsm6dsr.c:1055:9:lsm6dsr_status_reg_get	24	static
../lsm6dsr/lsm6dsr.c:1073:9:lsm6dsr_xl_flag_data_ready_get	24	static
../lsm6dsr/lsm6dsr.c:1094:9:lsm6dsr_gy_flag_data_ready_get	24	static
../lsm6dsr/lsm6dsr.c:1115:9:lsm6dsr_temp_flag_data_ready_get	24	static
../lsm6dsr/lsm6dsr.c:1138:9:lsm6dsr_xl_usr_offset_x_set	24	static
../lsm6dsr/lsm6dsr.c:1157:9:lsm6dsr_xl_usr_offset_x_get	24	static
../lsm6dsr/lsm6dsr.c:1176:9:lsm6dsr_xl_usr_offset_y_set	24	static
../lsm6dsr/lsm6dsr.c:1195:9:lsm6dsr_xl_usr_offset_y_get	24	static
../lsm6dsr/lsm6dsr.c:1214:9:lsm6dsr_xl_usr_offset_z_set	24	static
../lsm6dsr/lsm6dsr.c:1233:9:lsm6dsr_xl_usr_offset_z_get	24	static
../lsm6dsr/lsm6dsr.c:1250:9:lsm6dsr_xl_usr_offset_set	24	static
../lsm6dsr/lsm6dsr.c:1274:9:lsm6dsr_xl_usr_offset_get	24	static
../lsm6dsr/lsm6dsr.c:1305:9:lsm6dsr_timestamp_rst	24	static
../lsm6dsr/lsm6dsr.c:1319:9:lsm6dsr_timestamp_set	24	static
../lsm6dsr/lsm6dsr.c:1344:9:lsm6dsr_timestamp_get	24	static
../lsm6dsr/lsm6dsr.c:1365:9:lsm6dsr_timestamp_raw_get	24	static
../lsm6dsr/lsm6dsr.c:1399:9:lsm6dsr_rounding_mode_set	24	static
../lsm6dsr/lsm6dsr.c:1424:9:lsm6dsr_rounding_mode_get	24	static
../lsm6dsr/lsm6dsr.c:1468:9:lsm6dsr_temperature_raw_get	24	static
../lsm6dsr/lsm6dsr.c:1489:9:lsm6dsr_angular_rate_raw_get	32	static
../lsm6dsr/lsm6dsr.c:1514:9:lsm6dsr_acceleration_raw_get	32	static
../lsm6dsr/lsm6dsr.c:1538:9:lsm6dsr_fifo_out_raw_get	24	static
../lsm6dsr/lsm6dsr.c:1555:9:lsm6dsr_number_of_steps_get	24	static
../lsm6dsr/lsm6dsr.c:1584:9:lsm6dsr_steps_reset	24	static
../lsm6dsr/lsm6dsr.c:1634:9:lsm6dsr_odr_cal_reg_set	24	static
../lsm6dsr/lsm6dsr.c:1662:9:lsm6dsr_odr_cal_reg_get	24	static
../lsm6dsr/lsm6dsr.c:1683:9:lsm6dsr_mem_bank_set	24	static
../lsm6dsr/lsm6dsr.c:1711:9:lsm6dsr_mem_bank_get	24	static
../lsm6dsr/lsm6dsr.c:1751:9:lsm6dsr_ln_pg_write_byte	40	static
../lsm6dsr/lsm6dsr.c:1826:9:lsm6dsr_ln_pg_write	40	static
../lsm6dsr/lsm6dsr.c:1936:9:lsm6dsr_ln_pg_read_byte	40	static
../lsm6dsr/lsm6dsr.c:2010:9:lsm6dsr_data_ready_mode_set	24	static
../lsm6dsr/lsm6dsr.c:2038:9:lsm6dsr_data_ready_mode_get	24	static
../lsm6dsr/lsm6dsr.c:2073:9:lsm6dsr_device_id_get	24	static
../lsm6dsr/lsm6dsr.c:2090:9:lsm6dsr_reset_set	24	static
../lsm6dsr/lsm6dsr.c:2114:9:lsm6dsr_reset_get	24	static
../lsm6dsr/lsm6dsr.c:2134:9:lsm6dsr_auto_increment_set	24	static
../lsm6dsr/lsm6dsr.c:2159:9:lsm6dsr_auto_increment_get	24	static
../lsm6dsr/lsm6dsr.c:2178:9:lsm6dsr_boot_set	24	static
../lsm6dsr/lsm6dsr.c:2202:9:lsm6dsr_boot_get	24	static
../lsm6dsr/lsm6dsr.c:2223:9:lsm6dsr_xl_self_test_set	24	static
../lsm6dsr/lsm6dsr.c:2248:9:lsm6dsr_xl_self_test_get	24	static
../lsm6dsr/lsm6dsr.c:2286:9:lsm6dsr_gy_self_test_set	24	static
../lsm6dsr/lsm6dsr.c:2311:9:lsm6dsr_gy_self_test_get	24	static
../lsm6dsr/lsm6dsr.c:2362:9:lsm6dsr_xl_filter_lp2_set	24	static
../lsm6dsr/lsm6dsr.c:2387:9:lsm6dsr_xl_filter_lp2_get	24	static
../lsm6dsr/lsm6dsr.c:2407:9:lsm6dsr_gy_filter_lp1_set	24	static
../lsm6dsr/lsm6dsr.c:2432:9:lsm6dsr_gy_filter_lp1_get	24	static
../lsm6dsr/lsm6dsr.c:2452:9:lsm6dsr_filter_settling_mask_set	24	static
../lsm6dsr/lsm6dsr.c:2478:9:lsm6dsr_filter_settling_mask_get	24	static
../lsm6dsr/lsm6dsr.c:2498:9:lsm6dsr_gy_lp1_bandwidth_set	24	static
../lsm6dsr/lsm6dsr.c:2523:9:lsm6dsr_gy_lp1_bandwidth_get	24	static
../lsm6dsr/lsm6dsr.c:2581:9:lsm6dsr_xl_lp2_on_6d_set	24	static
../lsm6dsr/lsm6dsr.c:2606:9:lsm6dsr_xl_lp2_on_6d_get	24	static
../lsm6dsr/lsm6dsr.c:2626:9:lsm6dsr_xl_hp_path_on_out_set	24	static
../lsm6dsr/lsm6dsr.c:2655:9:lsm6dsr_xl_hp_path_on_out_get	24	static
../lsm6dsr/lsm6dsr.c:2777:9:lsm6dsr_xl_fast_settling_set	24	static
../lsm6dsr/lsm6dsr.c:2804:9:lsm6dsr_xl_fast_settling_get	24	static
../lsm6dsr/lsm6dsr.c:2824:9:lsm6dsr_xl_hp_path_internal_set	24	static
../lsm6dsr/lsm6dsr.c:2851:9:lsm6dsr_xl_hp_path_internal_get	24	static
../lsm6dsr/lsm6dsr.c:2886:9:lsm6dsr_gy_hp_path_internal_set	24	static
../lsm6dsr/lsm6dsr.c:2913:9:lsm6dsr_gy_hp_path_internal_get	24	static
../lsm6dsr/lsm6dsr.c:2973:9:lsm6dsr_aux_sdo_ocs_mode_set	24	static
../lsm6dsr/lsm6dsr.c:3000:9:lsm6dsr_aux_sdo_ocs_mode_get	24	static
../lsm6dsr/lsm6dsr.c:3034:9:lsm6dsr_aux_pw_on_ctrl_set	24	static
../lsm6dsr/lsm6dsr.c:3060:9:lsm6dsr_aux_pw_on_ctrl_get	24	static
../lsm6dsr/lsm6dsr.c:3094:9:lsm6dsr_aux_status_reg_get	24	static
../lsm6dsr/lsm6dsr.c:3112:9:lsm6dsr_aux_xl_flag_data_ready_get	24	static
../lsm6dsr/lsm6dsr.c:3133:9:lsm6dsr_aux_gy_flag_data_ready_get	24	static
../lsm6dsr/lsm6dsr.c:3154:9:lsm6dsr_aux_gy_flag_settling_get	24	static
../lsm6dsr/lsm6dsr.c:3176:9:lsm6dsr_aux_xl_self_test_set	24	static
../lsm6dsr/lsm6dsr.c:3202:9:lsm6dsr_aux_xl_self_test_get	24	static
../lsm6dsr/lsm6dsr.c:3240:9:lsm6dsr_aux_den_polarity_set	24	static
../lsm6dsr/lsm6dsr.c:3265:9:lsm6dsr_aux_den_polarity_get	24	static
../lsm6dsr/lsm6dsr.c:3299:9:lsm6dsr_aux_den_mode_set	32	static
../lsm6dsr/lsm6dsr.c:3338:9:lsm6dsr_aux_den_mode_get	32	static
../lsm6dsr/lsm6dsr.c:3384:9:lsm6dsr_aux_drdy_on_int2_set	24	static
../lsm6dsr/lsm6dsr.c:3409:9:lsm6dsr_aux_drdy_on_int2_get	24	static
../lsm6dsr/lsm6dsr.c:3433:9:lsm6dsr_aux_mode_set	24	static
../lsm6dsr/lsm6dsr.c:3466:9:lsm6dsr_aux_mode_get	24	static
../lsm6dsr/lsm6dsr.c:3504:9:lsm6dsr_aux_gy_full_scale_set	24	static
../lsm6dsr/lsm6dsr.c:3531:9:lsm6dsr_aux_gy_full_scale_get	24	static
../lsm6dsr/lsm6dsr.c:3578:9:lsm6dsr_aux_spi_mode_set	24	static
../lsm6dsr/lsm6dsr.c:3604:9:lsm6dsr_aux_spi_mode_get	24	static
../lsm6dsr/lsm6dsr.c:3638:9:lsm6dsr_aux_gy_lp1_bandwidth_set	24	static
../lsm6dsr/lsm6dsr.c:3664:9:lsm6dsr_aux_gy_lp1_bandwidth_get	24	static
../lsm6dsr/lsm6dsr.c:3706:9:lsm6dsr_aux_gy_hp_bandwidth_set	24	static
../lsm6dsr/lsm6dsr.c:3733:9:lsm6dsr_aux_gy_hp_bandwidth_get	24	static
../lsm6dsr/lsm6dsr.c:3781:9:lsm6dsr_aux_gy_clamp_set	24	static
../lsm6dsr/lsm6dsr.c:3809:9:lsm6dsr_aux_gy_clamp_get	24	static
../lsm6dsr/lsm6dsr.c:3843:9:lsm6dsr_aux_gy_self_test_set	24	static
../lsm6dsr/lsm6dsr.c:3869:9:lsm6dsr_aux_gy_self_test_get	24	static
../lsm6dsr/lsm6dsr.c:3907:9:lsm6dsr_aux_xl_bandwidth_set	24	static
../lsm6dsr/lsm6dsr.c:3933:9:lsm6dsr_aux_xl_bandwidth_get	24	static
../lsm6dsr/lsm6dsr.c:3991:9:lsm6dsr_aux_xl_full_scale_set	24	static
../lsm6dsr/lsm6dsr.c:4017:9:lsm6dsr_aux_xl_full_scale_get	24	static
../lsm6dsr/lsm6dsr.c:4072:9:lsm6dsr_sdo_sa0_mode_set	24	static
../lsm6dsr/lsm6dsr.c:4097:9:lsm6dsr_sdo_sa0_mode_get	24	static
../lsm6dsr/lsm6dsr.c:4131:9:lsm6dsr_int1_mode_set	24	static
../lsm6dsr/lsm6dsr.c:4158:9:lsm6dsr_int1_mode_get	24	static
../lsm6dsr/lsm6dsr.c:4193:9:lsm6dsr_spi_mode_set	24	static
../lsm6dsr/lsm6dsr.c:4217:9:lsm6dsr_spi_mode_get	24	static
../lsm6dsr/lsm6dsr.c:4250:9:lsm6dsr_i2c_interface_set	24	static
../lsm6dsr/lsm6dsr.c:4275:9:lsm6dsr_i2c_interface_get	24	static
../lsm6dsr/lsm6dsr.c:4309:9:lsm6dsr_i3c_disable_set	32	static
../lsm6dsr/lsm6dsr.c:4349:9:lsm6dsr_i3c_disable_get	32	static
../lsm6dsr/lsm6dsr.c:4416:9:lsm6dsr_pin_int1_route_set	24	static
../lsm6dsr/lsm6dsr.c:4534:9:lsm6dsr_pin_int1_route_get	24	static
../lsm6dsr/lsm6dsr.c:4588:9:lsm6dsr_pin_int2_route_set	24	static
../lsm6dsr/lsm6dsr.c:4706:9:lsm6dsr_pin_int2_route_get	24	static
../lsm6dsr/lsm6dsr.c:4759:9:lsm6dsr_pin_mode_set	24	static
../lsm6dsr/lsm6dsr.c:4783:9:lsm6dsr_pin_mode_get	24	static
../lsm6dsr/lsm6dsr.c:4816:9:lsm6dsr_pin_polarity_set	24	static
../lsm6dsr/lsm6dsr.c:4841:9:lsm6dsr_pin_polarity_get	24	static
../lsm6dsr/lsm6dsr.c:4875:9:lsm6dsr_all_on_int1_set	24	static
../lsm6dsr/lsm6dsr.c:4899:9:lsm6dsr_all_on_int1_get	24	static
../lsm6dsr/lsm6dsr.c:4918:9:lsm6dsr_int_notification_set	32	static
../lsm6dsr/lsm6dsr.c:4967:9:lsm6dsr_int_notification_get	32	static
../lsm6dsr/lsm6dsr.c:5041:9:lsm6dsr_wkup_ths_weight_set	24	static
../lsm6dsr/lsm6dsr.c:5070:9:lsm6dsr_wkup_ths_weight_get	24	static
../lsm6dsr/lsm6dsr.c:5106:9:lsm6dsr_wkup_threshold_set	24	static
../lsm6dsr/lsm6dsr.c:5133:9:lsm6dsr_wkup_threshold_get	24	static
../lsm6dsr/lsm6dsr.c:5153:9:lsm6dsr_xl_usr_offset_on_wkup_set	24	static
../lsm6dsr/lsm6dsr.c:5180:9:lsm6dsr_xl_usr_offset_on_wkup_get	24	static
../lsm6dsr/lsm6dsr.c:5201:9:lsm6dsr_wkup_dur_set	24	static
../lsm6dsr/lsm6dsr.c:5227:9:lsm6dsr_wkup_dur_get	24	static
../lsm6dsr/lsm6dsr.c:5260:9:lsm6dsr_gy_sleep_mode_set	24	static
../lsm6dsr/lsm6dsr.c:5284:9:lsm6dsr_gy_sleep_mode_get	24	static
../lsm6dsr/lsm6dsr.c:5305:9:lsm6dsr_act_pin_notification_set	24	static
../lsm6dsr/lsm6dsr.c:5333:9:lsm6dsr_act_pin_notification_get	24	static
../lsm6dsr/lsm6dsr.c:5367:9:lsm6dsr_act_mode_set	24	static
../lsm6dsr/lsm6dsr.c:5392:9:lsm6dsr_act_mode_get	24	static
../lsm6dsr/lsm6dsr.c:5434:9:lsm6dsr_act_sleep_dur_set	24	static
../lsm6dsr/lsm6dsr.c:5460:9:lsm6dsr_act_sleep_dur_get	24	static
../lsm6dsr/lsm6dsr.c:5493:9:lsm6dsr_tap_detection_on_z_set	24	static
../lsm6dsr/lsm6dsr.c:5518:9:lsm6dsr_tap_detection_on_z_get	24	static
../lsm6dsr/lsm6dsr.c:5538:9:lsm6dsr_tap_detection_on_y_set	24	static
../lsm6dsr/lsm6dsr.c:5563:9:lsm6dsr_tap_detection_on_y_get	24	static
../lsm6dsr/lsm6dsr.c:5583:9:lsm6dsr_tap_detection_on_x_set	24	static
../lsm6dsr/lsm6dsr.c:5608:9:lsm6dsr_tap_detection_on_x_get	24	static
../lsm6dsr/lsm6dsr.c:5628:9:lsm6dsr_tap_threshold_x_set	24	static
../lsm6dsr/lsm6dsr.c:5653:9:lsm6dsr_tap_threshold_x_get	24	static
../lsm6dsr/lsm6dsr.c:5672:9:lsm6dsr_tap_axis_priority_set	24	static
../lsm6dsr/lsm6dsr.c:5697:9:lsm6dsr_tap_axis_priority_get	24	static
../lsm6dsr/lsm6dsr.c:5747:9:lsm6dsr_tap_threshold_y_set	24	static
../lsm6dsr/lsm6dsr.c:5772:9:lsm6dsr_tap_threshold_y_get	24	static
../lsm6dsr/lsm6dsr.c:5791:9:lsm6dsr_tap_threshold_z_set	24	static
../lsm6dsr/lsm6dsr.c:5817:9:lsm6dsr_tap_threshold_z_get	24	static
../lsm6dsr/lsm6dsr.c:5841:9:lsm6dsr_tap_shock_set	24	static
../lsm6dsr/lsm6dsr.c:5870:9:lsm6dsr_tap_shock_get	24	static
../lsm6dsr/lsm6dsr.c:5893:9:lsm6dsr_tap_quiet_set	24	static
../lsm6dsr/lsm6dsr.c:5922:9:lsm6dsr_tap_quiet_get	24	static
../lsm6dsr/lsm6dsr.c:5947:9:lsm6dsr_tap_dur_set	24	static
../lsm6dsr/lsm6dsr.c:5976:9:lsm6dsr_tap_dur_get	24	static
../lsm6dsr/lsm6dsr.c:5995:9:lsm6dsr_tap_mode_set	24	static
../lsm6dsr/lsm6dsr.c:6022:9:lsm6dsr_tap_mode_get	24	static
../lsm6dsr/lsm6dsr.c:6070:9:lsm6dsr_6d_threshold_set	24	static
../lsm6dsr/lsm6dsr.c:6097:9:lsm6dsr_6d_threshold_get	24	static
../lsm6dsr/lsm6dsr.c:6140:9:lsm6dsr_4d_mode_set	24	static
../lsm6dsr/lsm6dsr.c:6166:9:lsm6dsr_4d_mode_get	24	static
../lsm6dsr/lsm6dsr.c:6199:9:lsm6dsr_ff_threshold_set	24	static
../lsm6dsr/lsm6dsr.c:6225:9:lsm6dsr_ff_threshold_get	24	static
../lsm6dsr/lsm6dsr.c:6283:9:lsm6dsr_ff_dur_set	32	static
../lsm6dsr/lsm6dsr.c:6323:9:lsm6dsr_ff_dur_get	32	static
../lsm6dsr/lsm6dsr.c:6364:9:lsm6dsr_fifo_watermark_set	32	static
../lsm6dsr/lsm6dsr.c:6398:9:lsm6dsr_fifo_watermark_get	32	static
../lsm6dsr/lsm6dsr.c:6428:9:lsm6dsr_compression_algo_init_set	24	static
../lsm6dsr/lsm6dsr.c:6466:9:lsm6dsr_compression_algo_init_get	24	static
../lsm6dsr/lsm6dsr.c:6497:9:lsm6dsr_compression_algo_set	32	static
../lsm6dsr/lsm6dsr.c:6553:9:lsm6dsr_compression_algo_get	24	static
../lsm6dsr/lsm6dsr.c:6601:9:lsm6dsr_fifo_virtual_sens_odr_chg_set	24	static
../lsm6dsr/lsm6dsr.c:6628:9:lsm6dsr_fifo_virtual_sens_odr_chg_get	24	static
../lsm6dsr/lsm6dsr.c:6649:9:lsm6dsr_compression_algo_real_time_set	24	static
../lsm6dsr/lsm6dsr.c:6676:9:lsm6dsr_compression_algo_real_time_get	24	static
../lsm6dsr/lsm6dsr.c:6698:9:lsm6dsr_fifo_stop_on_wtm_set	24	static
../lsm6dsr/lsm6dsr.c:6725:9:lsm6dsr_fifo_stop_on_wtm_get	24	static
../lsm6dsr/lsm6dsr.c:6746:9:lsm6dsr_fifo_xl_batch_set	24	static
../lsm6dsr/lsm6dsr.c:6774:9:lsm6dsr_fifo_xl_batch_get	24	static
../lsm6dsr/lsm6dsr.c:6850:9:lsm6dsr_fifo_gy_batch_set	24	static
../lsm6dsr/lsm6dsr.c:6878:9:lsm6dsr_fifo_gy_batch_get	24	static
../lsm6dsr/lsm6dsr.c:6953:9:lsm6dsr_fifo_mode_set	24	static
../lsm6dsr/lsm6dsr.c:6980:9:lsm6dsr_fifo_mode_get	24	static
../lsm6dsr/lsm6dsr.c:7032:9:lsm6dsr_fifo_temp_batch_set	24	static
../lsm6dsr/lsm6dsr.c:7060:9:lsm6dsr_fifo_temp_batch_get	24	static
../lsm6dsr/lsm6dsr.c:7105:9:lsm6dsr_fifo_timestamp_decimation_set	24	static
../lsm6dsr/lsm6dsr.c:7135:9:lsm6dsr_fifo_timestamp_decimation_get	24	static
../lsm6dsr/lsm6dsr.c:7180:9:lsm6dsr_fifo_cnt_event_batch_set	24	static
../lsm6dsr/lsm6dsr.c:7209:9:lsm6dsr_fifo_cnt_event_batch_get	24	static
../lsm6dsr/lsm6dsr.c:7245:9:lsm6dsr_rst_batch_counter_set	24	static
../lsm6dsr/lsm6dsr.c:7272:9:lsm6dsr_rst_batch_counter_get	24	static
../lsm6dsr/lsm6dsr.c:7293:9:lsm6dsr_batch_counter_threshold_set	32	static
../lsm6dsr/lsm6dsr.c:7329:9:lsm6dsr_batch_counter_threshold_get	32	static
../lsm6dsr/lsm6dsr.c:7360:9:lsm6dsr_fifo_data_level_get	32	static
../lsm6dsr/lsm6dsr.c:7389:9:lsm6dsr_fifo_status_get	24	static
../lsm6dsr/lsm6dsr.c:7407:9:lsm6dsr_fifo_full_flag_get	24	static
../lsm6dsr/lsm6dsr.c:7428:9:lsm6dsr_fifo_ovr_flag_get	24	static
../lsm6dsr/lsm6dsr.c:7448:9:lsm6dsr_fifo_wtm_flag_get	24	static
../lsm6dsr/lsm6dsr.c:7468:9:lsm6dsr_fifo_sensor_tag_get	24	static
../lsm6dsr/lsm6dsr.c:7584:9:lsm6dsr_fifo_pedo_batch_set	24	static
../lsm6dsr/lsm6dsr.c:7621:9:lsm6dsr_fifo_pedo_batch_get	24	static
../lsm6dsr/lsm6dsr.c:7651:9:lsm6dsr_sh_batch_slave_0_set	24	static
../lsm6dsr/lsm6dsr.c:7688:9:lsm6dsr_sh_batch_slave_0_get	24	static
../lsm6dsr/lsm6dsr.c:7719:9:lsm6dsr_sh_batch_slave_1_set	24	static
../lsm6dsr/lsm6dsr.c:7756:9:lsm6dsr_sh_batch_slave_1_get	24	static
../lsm6dsr/lsm6dsr.c:7787:9:lsm6dsr_sh_batch_slave_2_set	24	static
../lsm6dsr/lsm6dsr.c:7824:9:lsm6dsr_sh_batch_slave_2_get	24	static
../lsm6dsr/lsm6dsr.c:7855:9:lsm6dsr_sh_batch_slave_3_set	24	static
../lsm6dsr/lsm6dsr.c:7892:9:lsm6dsr_sh_batch_slave_3_get	24	static
../lsm6dsr/lsm6dsr.c:7935:9:lsm6dsr_den_mode_set	24	static
../lsm6dsr/lsm6dsr.c:7960:9:lsm6dsr_den_mode_get	24	static
../lsm6dsr/lsm6dsr.c:8006:9:lsm6dsr_den_polarity_set	24	static
../lsm6dsr/lsm6dsr.c:8032:9:lsm6dsr_den_polarity_get	24	static
../lsm6dsr/lsm6dsr.c:8066:9:lsm6dsr_den_enable_set	24	static
../lsm6dsr/lsm6dsr.c:8092:9:lsm6dsr_den_enable_get	24	static
../lsm6dsr/lsm6dsr.c:8130:9:lsm6dsr_den_mark_axis_x_set	24	static
../lsm6dsr/lsm6dsr.c:8155:9:lsm6dsr_den_mark_axis_x_get	24	static
../lsm6dsr/lsm6dsr.c:8174:9:lsm6dsr_den_mark_axis_y_set	24	static
../lsm6dsr/lsm6dsr.c:8199:9:lsm6dsr_den_mark_axis_y_get	24	static
../lsm6dsr/lsm6dsr.c:8218:9:lsm6dsr_den_mark_axis_z_set	24	static
../lsm6dsr/lsm6dsr.c:8242:9:lsm6dsr_den_mark_axis_z_get	24	static
../lsm6dsr/lsm6dsr.c:8273:9:lsm6dsr_pedo_sens_set	24	static
../lsm6dsr/lsm6dsr.c:8309:9:lsm6dsr_pedo_sens_get	24	static
../lsm6dsr/lsm6dsr.c:8342:9:lsm6dsr_pedo_mode_set	32	static
../lsm6dsr/lsm6dsr.c:8409:9:lsm6dsr_pedo_mode_get	24	static
../lsm6dsr/lsm6dsr.c:8449:9:lsm6dsr_pedo_step_detect_get	24	static
../lsm6dsr/lsm6dsr.c:8479:9:lsm6dsr_pedo_debounce_steps_set	24	static
../lsm6dsr/lsm6dsr.c:8498:9:lsm6dsr_pedo_debounce_steps_get	24	static
../lsm6dsr/lsm6dsr.c:8516:9:lsm6dsr_pedo_steps_period_set	24	static
../lsm6dsr/lsm6dsr.c:8543:9:lsm6dsr_pedo_steps_period_get	24	static
../lsm6dsr/lsm6dsr.c:8571:9:lsm6dsr_pedo_adv_detection_set	24	static
../lsm6dsr/lsm6dsr.c:8597:9:lsm6dsr_pedo_adv_detection_get	24	static
../lsm6dsr/lsm6dsr.c:8618:9:lsm6dsr_pedo_false_step_rejection_set	24	static
../lsm6dsr/lsm6dsr.c:8645:9:lsm6dsr_pedo_false_step_rejection_get	24	static
../lsm6dsr/lsm6dsr.c:8667:9:lsm6dsr_pedo_int_mode_set	24	static
../lsm6dsr/lsm6dsr.c:8695:9:lsm6dsr_pedo_int_mode_get	24	static
../lsm6dsr/lsm6dsr.c:8743:9:lsm6dsr_motion_sens_set	24	static
../lsm6dsr/lsm6dsr.c:8779:9:lsm6dsr_motion_sens_get	24	static
../lsm6dsr/lsm6dsr.c:8809:9:lsm6dsr_motion_flag_data_ready_get	24	static
../lsm6dsr/lsm6dsr.c:8853:9:lsm6dsr_tilt_sens_set	24	static
../lsm6dsr/lsm6dsr.c:8889:9:lsm6dsr_tilt_sens_get	24	static
../lsm6dsr/lsm6dsr.c:8919:9:lsm6dsr_tilt_flag_data_ready_get	24	static
../lsm6dsr/lsm6dsr.c:8963:9:lsm6dsr_mag_sensitivity_set	24	static
../lsm6dsr/lsm6dsr.c:8990:9:lsm6dsr_mag_sensitivity_get	24	static
../lsm6dsr/lsm6dsr.c:9017:9:lsm6dsr_mag_offset_set	32	static
../lsm6dsr/lsm6dsr.c:9073:9:lsm6dsr_mag_offset_get	32	static
../lsm6dsr/lsm6dsr.c:9134:9:lsm6dsr_mag_soft_iron_set	40	static
../lsm6dsr/lsm6dsr.c:9237:9:lsm6dsr_mag_soft_iron_get	40	static
../lsm6dsr/lsm6dsr.c:9337:9:lsm6dsr_mag_z_orient_set	24	static
../lsm6dsr/lsm6dsr.c:9365:9:lsm6dsr_mag_z_orient_get	24	static
../lsm6dsr/lsm6dsr.c:9418:9:lsm6dsr_mag_y_orient_set	24	static
../lsm6dsr/lsm6dsr.c:9446:9:lsm6dsr_mag_y_orient_get	24	static
../lsm6dsr/lsm6dsr.c:9498:9:lsm6dsr_mag_x_orient_set	24	static
../lsm6dsr/lsm6dsr.c:9526:9:lsm6dsr_mag_x_orient_get	24	static
../lsm6dsr/lsm6dsr.c:9591:9:lsm6dsr_long_cnt_flag_data_ready_get	24	static
../lsm6dsr/lsm6dsr.c:9622:9:lsm6dsr_emb_fsm_en_set	24	static
../lsm6dsr/lsm6dsr.c:9658:9:lsm6dsr_emb_fsm_en_get	24	static
../lsm6dsr/lsm6dsr.c:9694:9:lsm6dsr_fsm_enable_set	24	static
../lsm6dsr/lsm6dsr.c:9770:9:lsm6dsr_fsm_enable_get	24	static
../lsm6dsr/lsm6dsr.c:9806:9:lsm6dsr_long_cnt_set	24	static
../lsm6dsr/lsm6dsr.c:9837:9:lsm6dsr_long_cnt_get	24	static
../lsm6dsr/lsm6dsr.c:9868:9:lsm6dsr_long_clr_set	24	static
../lsm6dsr/lsm6dsr.c:9905:9:lsm6dsr_long_clr_get	24	static
../lsm6dsr/lsm6dsr.c:9954:9:lsm6dsr_fsm_out_get	24	static
../lsm6dsr/lsm6dsr.c:9982:9:lsm6dsr_fsm_data_rate_set	24	static
../lsm6dsr/lsm6dsr.c:10021:9:lsm6dsr_fsm_data_rate_get	24	static
../lsm6dsr/lsm6dsr.c:10074:9:lsm6dsr_fsm_init_set	24	static
../lsm6dsr/lsm6dsr.c:10110:9:lsm6dsr_fsm_init_get	24	static
../lsm6dsr/lsm6dsr.c:10143:9:lsm6dsr_long_cnt_int_value_set	24	static
../lsm6dsr/lsm6dsr.c:10174:9:lsm6dsr_long_cnt_int_value_get	24	static
../lsm6dsr/lsm6dsr.c:10202:9:lsm6dsr_fsm_number_of_programs_set	24	static
../lsm6dsr/lsm6dsr.c:10226:9:lsm6dsr_fsm_number_of_programs_get	24	static
../lsm6dsr/lsm6dsr.c:10245:9:lsm6dsr_fsm_start_address_set	24	static
../lsm6dsr/lsm6dsr.c:10273:9:lsm6dsr_fsm_start_address_get	24	static
../lsm6dsr/lsm6dsr.c:10312:9:lsm6dsr_sh_read_data_raw_get	24	static
../lsm6dsr/lsm6dsr.c:10340:9:lsm6dsr_sh_slave_connected_set	24	static
../lsm6dsr/lsm6dsr.c:10377:9:lsm6dsr_sh_slave_connected_get	24	static
../lsm6dsr/lsm6dsr.c:10430:9:lsm6dsr_sh_master_set	24	static
../lsm6dsr/lsm6dsr.c:10466:9:lsm6dsr_sh_master_get	24	static
../lsm6dsr/lsm6dsr.c:10496:9:lsm6dsr_sh_pin_mode_set	24	static
../lsm6dsr/lsm6dsr.c:10533:9:lsm6dsr_sh_pin_mode_get	24	static
../lsm6dsr/lsm6dsr.c:10578:9:lsm6dsr_sh_pass_through_set	24	static
../lsm6dsr/lsm6dsr.c:10614:9:lsm6dsr_sh_pass_through_get	24	static
../lsm6dsr/lsm6dsr.c:10644:9:lsm6dsr_sh_syncro_mode_set	24	static
../lsm6dsr/lsm6dsr.c:10681:9:lsm6dsr_sh_syncro_mode_get	24	static
../lsm6dsr/lsm6dsr.c:10727:9:lsm6dsr_sh_write_mode_set	24	static
../lsm6dsr/lsm6dsr.c:10765:9:lsm6dsr_sh_write_mode_get	24	static
../lsm6dsr/lsm6dsr.c:10809:9:lsm6dsr_sh_reset_set	24	static
../lsm6dsr/lsm6dsr.c:10852:9:lsm6dsr_sh_reset_get	24	static
../lsm6dsr/lsm6dsr.c:10882:9:lsm6dsr_sh_data_rate_set	24	static
../lsm6dsr/lsm6dsr.c:10919:9:lsm6dsr_sh_data_rate_get	24	static
../lsm6dsr/lsm6dsr.c:10975:9:lsm6dsr_sh_cfg_write	24	static
../lsm6dsr/lsm6dsr.c:11022:9:lsm6dsr_sh_slv0_cfg_read	32	static
../lsm6dsr/lsm6dsr.c:11077:9:lsm6dsr_sh_slv1_cfg_read	32	static
../lsm6dsr/lsm6dsr.c:11131:9:lsm6dsr_sh_slv2_cfg_read	32	static
../lsm6dsr/lsm6dsr.c:11186:9:lsm6dsr_sh_slv3_cfg_read	32	static
../lsm6dsr/lsm6dsr.c:11238:9:lsm6dsr_sh_status_get	24	static
../lsm6dsr/lsm6dsr.c:11279:9:lsm6dsr_s4s_tph_res_set	24	static
../lsm6dsr/lsm6dsr.c:11305:9:lsm6dsr_s4s_tph_res_get	24	static
../lsm6dsr/lsm6dsr.c:11340:9:lsm6dsr_s4s_tph_val_set	32	static
../lsm6dsr/lsm6dsr.c:11379:9:lsm6dsr_s4s_tph_val_get	32	static
../lsm6dsr/lsm6dsr.c:11408:9:lsm6dsr_s4s_res_ratio_set	24	static
../lsm6dsr/lsm6dsr.c:11433:9:lsm6dsr_s4s_res_ratio_get	24	static
../lsm6dsr/lsm6dsr.c:11475:9:lsm6dsr_s4s_command_set	24	static
../lsm6dsr/lsm6dsr.c:11501:9:lsm6dsr_s4s_command_get	24	static
../lsm6dsr/lsm6dsr.c:11521:9:lsm6dsr_s4s_dt_set	24	static
../lsm6dsr/lsm6dsr.c:11547:9:lsm6dsr_s4s_dt_get	24	static
